********************************************************************************
   General Structure Analysis System-II Crystal Structure Refinement
              by Robert B. Von Dreele & Brian H. Toby
                Argonne National Laboratory(C), 2010
 This product includes software developed by the UChicago Argonne, LLC,
            as Operator of Argonne National Laboratory.
                          Please cite:
   B.H. Toby & R.B. Von Dreele, J. Appl. Cryst. 46, 544-549 (2013)
********************************************************************************
 Least squares controls:
 Refinement type: analytic Hessian
 Maximum number of cycles: 0
 Regularize hydrogens (if any): False
 Initial shift factor: 1.000

 Phases:

 Phase name: CuCr2O4
=======================================================================================================================================

 X-ray scattering factors:
   Symbol     fa                                      fb                                      fc
---------------------------------------------------------------------------------------------------
 Cu        13.33800   7.16760   5.61580   1.67350   3.58280   0.24700  11.39660  64.81260   1.19100
 Cr        10.64060   7.35370   3.32400   1.49220   6.10380   0.39200  20.26260  98.73990   1.18320
 O          3.04850   2.28680   1.54630   0.86700  13.27710   5.70110   0.32390  32.90890   0.25080

 Electron scattering factors:
   Symbol     fa                                                fb
---------------------------------------------------------------------------------------------------
 Cu         0.35010   1.65580   1.95820   0.21340   1.41090   0.18670   1.99170  11.33960  53.26190  63.25200
 Cr         0.19700   0.82280   2.02000   2.17170   1.75160   0.11970   1.19850   5.40970  25.23610  94.42900
 O          0.03650   0.17290   0.58050   0.88140   0.31210   0.06520   0.61840   2.94490   9.62980  28.21940

 Neutron scattering factors:
   Symbol   isotope       mass       b       resonant terms
---------------------------------------------------------------------------------------------------
 Cu      Nat. Abund.     63.546    0.772
 Cr      Nat. Abund.     51.996    0.363
 O       Nat. Abund.     15.999    0.581

 Space Group: F d d d
 The lattice is centrosymmetric F-centered orthorhombic
 The Laue symmetry is mmm
 The lattice point group is mmm
 Multiplicity of a general site is 32
 The inversion center is located at 0,0,0
 
 The equivalent positions are:

 (0,0,0; 0,1/2,1/2; 1/2,0,1/2; 1/2,1/2,0)+

 ( 1)     X,     Y,     Z 
 ( 2)    -X, 1/4+Y, 1/4+Z 
 ( 3) 1/4+X,    -Y, 1/4+Z 
 ( 4) 3/4-X, 1/4-Y, 1/2+Z 

 Atoms:
   name    type  refine?   x         y         z      frac site sym  mult I/A   Uiso     U11     U22     U33     U12     U13     U23
---------------------------------------------------------------------------------------------------------------------------------------
     Cu     Cu          0.12500   0.12500   0.12500   1.000    222    8    I 0.00000                                                
     Cr     Cr          0.50000   0.50000   0.50000   1.000     -1   16    I 0.00000                                                
      O      O          0.24582   0.26828   0.26736   1.000      1   32    I-0.00400                                                

 Unit cell: a = 7.71270 b = 8.54330 c = 8.53643 alpha = 90.000 beta = 90.000 gamma = 90.000 volume = 562.481 Refine? False

 Phase name: CuO
=======================================================================================================================================

 X-ray scattering factors:
   Symbol     fa                                      fb                                      fc
---------------------------------------------------------------------------------------------------
 Cu+2      11.81680   7.11181   5.78135   1.14523   3.37484   0.24408   7.98760  19.89700   1.14431
 O-2        3.76936   2.53342   1.91579   1.55094  15.07970   6.30430  40.34450   0.31291   0.22789

 Electron scattering factors:
   Symbol     fa                                                fb
---------------------------------------------------------------------------------------------------

 Neutron scattering factors:
   Symbol   isotope       mass       b       resonant terms
---------------------------------------------------------------------------------------------------
 Cu+2    Nat. Abund.     63.546    0.772
 O-2     Nat. Abund.     15.999    0.581

 Space Group: C 2/c
 The lattice is centrosymmetric C-centered monoclinic
 The Laue symmetry is 2/m
 The lattice point group is 2/m
 Multiplicity of a general site is 8
 The unique monoclinic axis is b
 The inversion center is located at 0,0,0
 
 The equivalent positions are:

 (0,0,0; 1/2,1/2,0)+

 ( 1)     X,     Y,     Z 
 ( 2)    -X,     Y, 1/2-Z 

 Atoms:
   name    type  refine?   x         y         z      frac site sym  mult I/A   Uiso     U11     U22     U33     U12     U13     U23
---------------------------------------------------------------------------------------------------------------------------------------
    Cu1   Cu+2          0.25000   0.25000   0.00000   1.000     -1    4    I 0.00100                                                
     O1    O-2          0.00000   0.41840   0.25000   1.000   2(y)    4    I 0.00100                                                

 Unit cell: a = 4.67951 b = 3.42065 c = 5.12528 alpha = 90.000 beta = 99.831 gamma = 90.000 volume = 80.835 Refine? False

 Phase: CuCr2O4 in histogram: PWDR CW neutron simulation
=======================================================================================================================================
 Phase fraction  :          1 Refine? False
 Extinction coeff:     0.0000 Refine? False
 March-Dollase PO:     1.0000 Refine? False Axis: 0 0 1

 Size model    : isotropic equatorial:       1.000 Refine? False
	 LG mixing coeff.:       1.0000 Refine? False

 Mustrain model: isotropic equatorial:      1000.0 Refine? False
	 LG mixing coeff.:      1.0000 Refine? False

 Hydrostatic/elastic strain:
 names :         D11         D22         D33
 values:           0           0           0
 refine:       False       False       False

 Phase: CuCr2O4 in histogram: PWDR CW x-ray simulation
=======================================================================================================================================
 Phase fraction  :          1 Refine? False
 Extinction coeff:     0.0000 Refine? False
 March-Dollase PO:     1.0000 Refine? False Axis: 0 0 1

 Size model    : isotropic equatorial:       1.000 Refine? False
	 LG mixing coeff.:       1.0000 Refine? False

 Mustrain model: isotropic equatorial:      1000.0 Refine? False
	 LG mixing coeff.:      1.0000 Refine? False

 Hydrostatic/elastic strain:
 names :         D11         D22         D33
 values:           0           0           0
 refine:       False       False       False
 Layer Displacement:      0.000 Refine? False

 Phase: CuO in histogram: PWDR CW neutron simulation
=======================================================================================================================================
 Phase fraction  :          1 Refine? False
 Extinction coeff:     0.0000 Refine? False
 March-Dollase PO:     1.0000 Refine? False Axis: 0 0 1

 Size model    : isotropic equatorial:       1.000 Refine? False
	 LG mixing coeff.:       1.0000 Refine? False

 Mustrain model: isotropic equatorial:      1000.0 Refine? False
	 LG mixing coeff.:      1.0000 Refine? False

 Hydrostatic/elastic strain:
 names :         D11         D22         D33         D13
 values:           0           0           0           0
 refine:       False       False       False       False

 Phase: CuO in histogram: PWDR CW x-ray simulation
=======================================================================================================================================
 Phase fraction  :          1 Refine? False
 Extinction coeff:     0.0000 Refine? False
 March-Dollase PO:     1.0000 Refine? False Axis: 0 0 1

 Size model    : isotropic equatorial:       1.000 Refine? False
	 LG mixing coeff.:       1.0000 Refine? False

 Mustrain model: isotropic equatorial:      1000.0 Refine? False
	 LG mixing coeff.:      1.0000 Refine? False

 Hydrostatic/elastic strain:
 names :         D11         D22         D33         D13
 values:           0           0           0           0
 refine:       False       False       False       False

 Histogram: PWDR CW neutron simulation histogram Id: 1
=======================================================================================================================================
 Instrument type: Debye-Scherrer
 Histogram limits:     1.00 deg to   120.00 deg

 Sample Parameters:
 Goniometer omega = 0.00, chi = 0.00, phi = 0.00
 name  :         Scale    Absorption     DisplaceX     DisplaceY
 value :     1000.0000        0.0000        0.0000        0.0000
 refine:          True         False         False         False

 Instrument Parameters:
 name  :     Azimuth         Lam    Polariz.        SH/L           U           V
 value :    0.000000    1.540200    0.000000    0.002000  239.700000 -298.200000
 refine:                   False       False       False       False       False

 name  :           W           X           Y           Z        Zero
 value :  180.800000    0.000000    0.000000    0.000000    0.000400
 refine:       False       False       False       False       False

 Background function: chebyschev-1 Refine? True
 Coefficients:      1.000     0.000     0.000
 Fixed background file: ; mult: 1.000  Refine? False

 Histogram: PWDR CW x-ray simulation histogram Id: 0
=======================================================================================================================================
 Instrument type: Debye-Scherrer
 Histogram limits:     1.00 deg to    40.00 deg

 Sample Parameters:
 Goniometer omega = 0.00, chi = 0.00, phi = 0.00
 name  :         Scale    Absorption     DisplaceX     DisplaceY
 value :        1.0000        0.0000        0.0000        0.0000
 refine:          True         False         False         False

 Instrument Parameters:
 name  :     Azimuth         Lam    Polariz.        SH/L           U           V           W
 value :    0.000000    0.413263    0.990000    0.002000    1.163000   -0.126000    0.063000
 refine:                   False       False       False       False       False       False

 name  :           X           Y           Z        Zero
 value :    0.000000    0.000000    0.000000    0.000000
 refine:       False       False       False       False

 Background function: chebyschev-1 Refine? True
 Coefficients:      1.000     0.000     0.000
 Fixed background file: ; mult: 1.000  Refine? False

 Refinement results:
---------------------------------------------------------------------------------------------------------------------------------------
 Number of function calls: 0 No. of observations: 12562 No. of parameters: 8 User rejected: 0 Sp. gp. extinct: 0
 Refinement time =    0.216s,    0.216s/cycle, for 1 cycles
 wR =   79.63%, chi**2 =  1.60579e+06, GOF =  11.31
